==================================================
Paystack API Configuration Test
==================================================

PAYSTACK_PUBLIC_KEY: Set
PAYSTACK_SECRET_KEY: Set
Secret Key Preview: sk_test_e9019b2...

--- Testing Gateway ---
Gateway Type: PaystackGateway

--- Testing Bank List API ---
SUCCESS: Retrieved 221 banks
Sample: 78 Finance Company Ltd

--- Testing Transaction Initialize ---
FAILED: Invalid key

==================================================
Test Complete
==================================================
